Archive member included to satisfy reference by file (symbol)

d:/spelprogram/atmel/7.0/toolchain/avr8/avr8-gnu-toolchain/bin/../lib/gcc/avr/5.4.0/avr51\libgcc.a(_exit.o)
                              D:/SpelProgram/Atmel/7.0/Packs/atmel/ATmega_DFP/1.2.150/gcc/dev/atmega1284p/avr51/crtatmega1284p.o (exit)
d:/spelprogram/atmel/7.0/toolchain/avr8/avr8-gnu-toolchain/bin/../lib/gcc/avr/5.4.0/avr51\libgcc.a(_copy_data.o)
                              Kommunikationsmodul.o (__do_copy_data)
d:/spelprogram/atmel/7.0/toolchain/avr8/avr8-gnu-toolchain/bin/../lib/gcc/avr/5.4.0/avr51\libgcc.a(_clear_bss.o)
                              Kommunikationsmodul.o (__do_clear_bss)

Allocating common symbols
Common symbol       size              file

sensor_in_length    0x2               Kommunikationsmodul.o
laptop_in_length    0x2               Kommunikationsmodul.o
sensor_in           0xf               Kommunikationsmodul.o
control_signal      0x2               Kommunikationsmodul.o
sens_safe           0x8               Kommunikationsmodul.o

Discarded input sections

 .data          0x00000000        0x0 D:/SpelProgram/Atmel/7.0/Packs/atmel/ATmega_DFP/1.2.150/gcc/dev/atmega1284p/avr51/crtatmega1284p.o
 .bss           0x00000000        0x0 D:/SpelProgram/Atmel/7.0/Packs/atmel/ATmega_DFP/1.2.150/gcc/dev/atmega1284p/avr51/crtatmega1284p.o
 .text          0x00000000        0x0 Kommunikationsmodul.o
 .data          0x00000000        0x0 Kommunikationsmodul.o
 .bss           0x00000000        0x0 Kommunikationsmodul.o
 .bss.check     0x00000000        0x1 Kommunikationsmodul.o
 .data.empty    0x00000000        0x1 Kommunikationsmodul.o
 .data.column   0x00000000        0x1 Kommunikationsmodul.o
 .bss.rows      0x00000000        0x1 Kommunikationsmodul.o
 .text          0x00000000        0x0 UART.o
 .data          0x00000000        0x0 UART.o
 .bss           0x00000000        0x0 UART.o
 .text.UART1_Recieve
                0x00000000       0x10 UART.o
 .text.UART0_Recieve
                0x00000000       0x10 UART.o
 .text          0x00000000        0x0 d:/spelprogram/atmel/7.0/toolchain/avr8/avr8-gnu-toolchain/bin/../lib/gcc/avr/5.4.0/avr51\libgcc.a(_exit.o)
 .data          0x00000000        0x0 d:/spelprogram/atmel/7.0/toolchain/avr8/avr8-gnu-toolchain/bin/../lib/gcc/avr/5.4.0/avr51\libgcc.a(_exit.o)
 .bss           0x00000000        0x0 d:/spelprogram/atmel/7.0/toolchain/avr8/avr8-gnu-toolchain/bin/../lib/gcc/avr/5.4.0/avr51\libgcc.a(_exit.o)
 .text.libgcc.mul
                0x00000000        0x0 d:/spelprogram/atmel/7.0/toolchain/avr8/avr8-gnu-toolchain/bin/../lib/gcc/avr/5.4.0/avr51\libgcc.a(_exit.o)
 .text.libgcc.div
                0x00000000        0x0 d:/spelprogram/atmel/7.0/toolchain/avr8/avr8-gnu-toolchain/bin/../lib/gcc/avr/5.4.0/avr51\libgcc.a(_exit.o)
 .text.libgcc   0x00000000        0x0 d:/spelprogram/atmel/7.0/toolchain/avr8/avr8-gnu-toolchain/bin/../lib/gcc/avr/5.4.0/avr51\libgcc.a(_exit.o)
 .text.libgcc.prologue
                0x00000000        0x0 d:/spelprogram/atmel/7.0/toolchain/avr8/avr8-gnu-toolchain/bin/../lib/gcc/avr/5.4.0/avr51\libgcc.a(_exit.o)
 .text.libgcc.builtins
                0x00000000        0x0 d:/spelprogram/atmel/7.0/toolchain/avr8/avr8-gnu-toolchain/bin/../lib/gcc/avr/5.4.0/avr51\libgcc.a(_exit.o)
 .text.libgcc.fmul
                0x00000000        0x0 d:/spelprogram/atmel/7.0/toolchain/avr8/avr8-gnu-toolchain/bin/../lib/gcc/avr/5.4.0/avr51\libgcc.a(_exit.o)
 .text.libgcc.fixed
                0x00000000        0x0 d:/spelprogram/atmel/7.0/toolchain/avr8/avr8-gnu-toolchain/bin/../lib/gcc/avr/5.4.0/avr51\libgcc.a(_exit.o)
 .text          0x00000000        0x0 d:/spelprogram/atmel/7.0/toolchain/avr8/avr8-gnu-toolchain/bin/../lib/gcc/avr/5.4.0/avr51\libgcc.a(_copy_data.o)
 .data          0x00000000        0x0 d:/spelprogram/atmel/7.0/toolchain/avr8/avr8-gnu-toolchain/bin/../lib/gcc/avr/5.4.0/avr51\libgcc.a(_copy_data.o)
 .bss           0x00000000        0x0 d:/spelprogram/atmel/7.0/toolchain/avr8/avr8-gnu-toolchain/bin/../lib/gcc/avr/5.4.0/avr51\libgcc.a(_copy_data.o)
 .text.libgcc.mul
                0x00000000        0x0 d:/spelprogram/atmel/7.0/toolchain/avr8/avr8-gnu-toolchain/bin/../lib/gcc/avr/5.4.0/avr51\libgcc.a(_copy_data.o)
 .text.libgcc.div
                0x00000000        0x0 d:/spelprogram/atmel/7.0/toolchain/avr8/avr8-gnu-toolchain/bin/../lib/gcc/avr/5.4.0/avr51\libgcc.a(_copy_data.o)
 .text.libgcc   0x00000000        0x0 d:/spelprogram/atmel/7.0/toolchain/avr8/avr8-gnu-toolchain/bin/../lib/gcc/avr/5.4.0/avr51\libgcc.a(_copy_data.o)
 .text.libgcc.prologue
                0x00000000        0x0 d:/spelprogram/atmel/7.0/toolchain/avr8/avr8-gnu-toolchain/bin/../lib/gcc/avr/5.4.0/avr51\libgcc.a(_copy_data.o)
 .text.libgcc.builtins
                0x00000000        0x0 d:/spelprogram/atmel/7.0/toolchain/avr8/avr8-gnu-toolchain/bin/../lib/gcc/avr/5.4.0/avr51\libgcc.a(_copy_data.o)
 .text.libgcc.fmul
                0x00000000        0x0 d:/spelprogram/atmel/7.0/toolchain/avr8/avr8-gnu-toolchain/bin/../lib/gcc/avr/5.4.0/avr51\libgcc.a(_copy_data.o)
 .text.libgcc.fixed
                0x00000000        0x0 d:/spelprogram/atmel/7.0/toolchain/avr8/avr8-gnu-toolchain/bin/../lib/gcc/avr/5.4.0/avr51\libgcc.a(_copy_data.o)
 .text          0x00000000        0x0 d:/spelprogram/atmel/7.0/toolchain/avr8/avr8-gnu-toolchain/bin/../lib/gcc/avr/5.4.0/avr51\libgcc.a(_clear_bss.o)
 .data          0x00000000        0x0 d:/spelprogram/atmel/7.0/toolchain/avr8/avr8-gnu-toolchain/bin/../lib/gcc/avr/5.4.0/avr51\libgcc.a(_clear_bss.o)
 .bss           0x00000000        0x0 d:/spelprogram/atmel/7.0/toolchain/avr8/avr8-gnu-toolchain/bin/../lib/gcc/avr/5.4.0/avr51\libgcc.a(_clear_bss.o)
 .text.libgcc.mul
                0x00000000        0x0 d:/spelprogram/atmel/7.0/toolchain/avr8/avr8-gnu-toolchain/bin/../lib/gcc/avr/5.4.0/avr51\libgcc.a(_clear_bss.o)
 .text.libgcc.div
                0x00000000        0x0 d:/spelprogram/atmel/7.0/toolchain/avr8/avr8-gnu-toolchain/bin/../lib/gcc/avr/5.4.0/avr51\libgcc.a(_clear_bss.o)
 .text.libgcc   0x00000000        0x0 d:/spelprogram/atmel/7.0/toolchain/avr8/avr8-gnu-toolchain/bin/../lib/gcc/avr/5.4.0/avr51\libgcc.a(_clear_bss.o)
 .text.libgcc.prologue
                0x00000000        0x0 d:/spelprogram/atmel/7.0/toolchain/avr8/avr8-gnu-toolchain/bin/../lib/gcc/avr/5.4.0/avr51\libgcc.a(_clear_bss.o)
 .text.libgcc.builtins
                0x00000000        0x0 d:/spelprogram/atmel/7.0/toolchain/avr8/avr8-gnu-toolchain/bin/../lib/gcc/avr/5.4.0/avr51\libgcc.a(_clear_bss.o)
 .text.libgcc.fmul
                0x00000000        0x0 d:/spelprogram/atmel/7.0/toolchain/avr8/avr8-gnu-toolchain/bin/../lib/gcc/avr/5.4.0/avr51\libgcc.a(_clear_bss.o)
 .text.libgcc.fixed
                0x00000000        0x0 d:/spelprogram/atmel/7.0/toolchain/avr8/avr8-gnu-toolchain/bin/../lib/gcc/avr/5.4.0/avr51\libgcc.a(_clear_bss.o)

Memory Configuration

Name             Origin             Length             Attributes
text             0x00000000         0x00020000         xr
data             0x00800100         0x0000ff00         rw !x
eeprom           0x00810000         0x00010000         rw !x
fuse             0x00820000         0x00000003         rw !x
lock             0x00830000         0x00000400         rw !x
signature        0x00840000         0x00000400         rw !x
user_signatures  0x00850000         0x00000400         rw !x
*default*        0x00000000         0xffffffff

Linker script and memory map

Address of section .data set to 0x800100
LOAD D:/SpelProgram/Atmel/7.0/Packs/atmel/ATmega_DFP/1.2.150/gcc/dev/atmega1284p/avr51/crtatmega1284p.o
LOAD Kommunikationsmodul.o
LOAD UART.o
START GROUP
LOAD d:/spelprogram/atmel/7.0/toolchain/avr8/avr8-gnu-toolchain/bin/../lib/gcc/avr/5.4.0/../../../../avr/lib/avr51\libm.a
END GROUP
START GROUP
LOAD d:/spelprogram/atmel/7.0/toolchain/avr8/avr8-gnu-toolchain/bin/../lib/gcc/avr/5.4.0/avr51\libgcc.a
LOAD d:/spelprogram/atmel/7.0/toolchain/avr8/avr8-gnu-toolchain/bin/../lib/gcc/avr/5.4.0/../../../../avr/lib/avr51\libm.a
LOAD d:/spelprogram/atmel/7.0/toolchain/avr8/avr8-gnu-toolchain/bin/../lib/gcc/avr/5.4.0/../../../../avr/lib/avr51\libc.a
LOAD D:/SpelProgram/Atmel/7.0/Packs/atmel/ATmega_DFP/1.2.150/gcc/dev/atmega1284p/avr51\libatmega1284p.a
END GROUP
                0x00020000                __TEXT_REGION_LENGTH__ = DEFINED (__TEXT_REGION_LENGTH__)?__TEXT_REGION_LENGTH__:0x20000
                0x0000ff00                __DATA_REGION_LENGTH__ = DEFINED (__DATA_REGION_LENGTH__)?__DATA_REGION_LENGTH__:0xff00
                0x00010000                __EEPROM_REGION_LENGTH__ = DEFINED (__EEPROM_REGION_LENGTH__)?__EEPROM_REGION_LENGTH__:0x10000
                [0x00000003]                __FUSE_REGION_LENGTH__ = DEFINED (__FUSE_REGION_LENGTH__)?__FUSE_REGION_LENGTH__:0x400
                0x00000400                __LOCK_REGION_LENGTH__ = DEFINED (__LOCK_REGION_LENGTH__)?__LOCK_REGION_LENGTH__:0x400
                0x00000400                __SIGNATURE_REGION_LENGTH__ = DEFINED (__SIGNATURE_REGION_LENGTH__)?__SIGNATURE_REGION_LENGTH__:0x400
                0x00000400                __USER_SIGNATURE_REGION_LENGTH__ = DEFINED (__USER_SIGNATURE_REGION_LENGTH__)?__USER_SIGNATURE_REGION_LENGTH__:0x400

.hash
 *(.hash)

.dynsym
 *(.dynsym)

.dynstr
 *(.dynstr)

.gnu.version
 *(.gnu.version)

.gnu.version_d
 *(.gnu.version_d)

.gnu.version_r
 *(.gnu.version_r)

.rel.init
 *(.rel.init)

.rela.init
 *(.rela.init)

.rel.text
 *(.rel.text)
 *(.rel.text.*)
 *(.rel.gnu.linkonce.t*)

.rela.text
 *(.rela.text)
 *(.rela.text.*)
 *(.rela.gnu.linkonce.t*)

.rel.fini
 *(.rel.fini)

.rela.fini
 *(.rela.fini)

.rel.rodata
 *(.rel.rodata)
 *(.rel.rodata.*)
 *(.rel.gnu.linkonce.r*)

.rela.rodata
 *(.rela.rodata)
 *(.rela.rodata.*)
 *(.rela.gnu.linkonce.r*)

.rel.data
 *(.rel.data)
 *(.rel.data.*)
 *(.rel.gnu.linkonce.d*)

.rela.data
 *(.rela.data)
 *(.rela.data.*)
 *(.rela.gnu.linkonce.d*)

.rel.ctors
 *(.rel.ctors)

.rela.ctors
 *(.rela.ctors)

.rel.dtors
 *(.rel.dtors)

.rela.dtors
 *(.rela.dtors)

.rel.got
 *(.rel.got)

.rela.got
 *(.rela.got)

.rel.bss
 *(.rel.bss)

.rela.bss
 *(.rela.bss)

.rel.plt
 *(.rel.plt)

.rela.plt
 *(.rela.plt)

.text           0x00000000      0xe9a
 *(.vectors)
 .vectors       0x00000000       0x8c D:/SpelProgram/Atmel/7.0/Packs/atmel/ATmega_DFP/1.2.150/gcc/dev/atmega1284p/avr51/crtatmega1284p.o
                0x00000000                __vector_default
                0x00000000                __vectors
 *(.vectors)
 *(.progmem.gcc*)
                0x0000008c                . = ALIGN (0x2)
                0x0000008c                __trampolines_start = .
 *(.trampolines)
 .trampolines   0x0000008c        0x0 linker stubs
 *(.trampolines*)
                0x0000008c                __trampolines_end = .
 *libprintf_flt.a:*(.progmem.data)
 *libc.a:*(.progmem.data)
 *(.progmem*)
                0x0000008c                . = ALIGN (0x2)
 *(.jumptables)
 *(.jumptables*)
 *(.lowtext)
 *(.lowtext*)
                0x0000008c                __ctors_start = .
 *(.ctors)
                0x0000008c                __ctors_end = .
                0x0000008c                __dtors_start = .
 *(.dtors)
                0x0000008c                __dtors_end = .
 SORT(*)(.ctors)
 SORT(*)(.dtors)
 *(.init0)
 .init0         0x0000008c        0x0 D:/SpelProgram/Atmel/7.0/Packs/atmel/ATmega_DFP/1.2.150/gcc/dev/atmega1284p/avr51/crtatmega1284p.o
                0x0000008c                __init
 *(.init0)
 *(.init1)
 *(.init1)
 *(.init2)
 .init2         0x0000008c        0xc D:/SpelProgram/Atmel/7.0/Packs/atmel/ATmega_DFP/1.2.150/gcc/dev/atmega1284p/avr51/crtatmega1284p.o
 *(.init2)
 *(.init3)
 *(.init3)
 *(.init4)
 .init4         0x00000098       0x1a d:/spelprogram/atmel/7.0/toolchain/avr8/avr8-gnu-toolchain/bin/../lib/gcc/avr/5.4.0/avr51\libgcc.a(_copy_data.o)
                0x00000098                __do_copy_data
 .init4         0x000000b2       0x10 d:/spelprogram/atmel/7.0/toolchain/avr8/avr8-gnu-toolchain/bin/../lib/gcc/avr/5.4.0/avr51\libgcc.a(_clear_bss.o)
                0x000000b2                __do_clear_bss
 *(.init4)
 *(.init5)
 *(.init5)
 *(.init6)
 *(.init6)
 *(.init7)
 *(.init7)
 *(.init8)
 *(.init8)
 *(.init9)
 .init9         0x000000c2        0x4 D:/SpelProgram/Atmel/7.0/Packs/atmel/ATmega_DFP/1.2.150/gcc/dev/atmega1284p/avr51/crtatmega1284p.o
 *(.init9)
 *(.text)
 .text          0x000000c6        0x2 D:/SpelProgram/Atmel/7.0/Packs/atmel/ATmega_DFP/1.2.150/gcc/dev/atmega1284p/avr51/crtatmega1284p.o
                0x000000c6                __vector_22
                0x000000c6                __vector_1
                0x000000c6                __vector_32
                0x000000c6                __vector_34
                0x000000c6                __vector_24
                0x000000c6                __vector_12
                0x000000c6                __bad_interrupt
                0x000000c6                __vector_6
                0x000000c6                __vector_31
                0x000000c6                __vector_3
                0x000000c6                __vector_23
                0x000000c6                __vector_30
                0x000000c6                __vector_25
                0x000000c6                __vector_11
                0x000000c6                __vector_13
                0x000000c6                __vector_17
                0x000000c6                __vector_19
                0x000000c6                __vector_7
                0x000000c6                __vector_27
                0x000000c6                __vector_5
                0x000000c6                __vector_33
                0x000000c6                __vector_4
                0x000000c6                __vector_9
                0x000000c6                __vector_2
                0x000000c6                __vector_21
                0x000000c6                __vector_15
                0x000000c6                __vector_29
                0x000000c6                __vector_8
                0x000000c6                __vector_26
                0x000000c6                __vector_14
                0x000000c6                __vector_10
                0x000000c6                __vector_16
                0x000000c6                __vector_18
                0x000000c8                . = ALIGN (0x2)
 *(.text.*)
 .text.Init     0x000000c8       0x10 Kommunikationsmodul.o
                0x000000c8                Init
 .text.update_direction
                0x000000d8       0x76 Kommunikationsmodul.o
                0x000000d8                update_direction
 .text.send_matrix
                0x0000014e       0x96 Kommunikationsmodul.o
                0x0000014e                send_matrix
 .text.__vector_28
                0x000001e4       0x26 Kommunikationsmodul.o
                0x000001e4                __vector_28
 .text.__vector_20
                0x0000020a       0x6e Kommunikationsmodul.o
                0x0000020a                __vector_20
 .text.get_low_high
                0x00000278       0x1e Kommunikationsmodul.o
                0x00000278                get_low_high
 .text.get_ny_fram
                0x00000296       0x24 Kommunikationsmodul.o
                0x00000296                get_ny_fram
 .text.go_forward
                0x000002ba       0x3a Kommunikationsmodul.o
                0x000002ba                go_forward
 .text.baby_proof_and_update
                0x000002f4       0x2c Kommunikationsmodul.o
                0x000002f4                baby_proof_and_update
 .text.send_to_laptop
                0x00000320       0x58 Kommunikationsmodul.o
                0x00000320                send_to_laptop
 .text.handle_incoming_data
                0x00000378       0x52 Kommunikationsmodul.o
                0x00000378                handle_incoming_data
 .text.state1   0x000003ca      0x1c8 Kommunikationsmodul.o
                0x000003ca                state1
 .text.update_position
                0x00000592       0xe6 Kommunikationsmodul.o
                0x00000592                update_position
 .text.rot_right
                0x00000678       0x6a Kommunikationsmodul.o
                0x00000678                rot_right
 .text.rot_left
                0x000006e2      0x148 Kommunikationsmodul.o
                0x000006e2                rot_left
 .text.kokHittad
                0x0000082a       0xaa Kommunikationsmodul.o
                0x0000082a                kokHittad
 .text.go_home  0x000008d4       0xa6 Kommunikationsmodul.o
                0x000008d4                go_home
 .text.kolla_efter_kok_left
                0x0000097a      0x3b6 Kommunikationsmodul.o
                0x0000097a                kolla_efter_kok_left
 .text.navigation
                0x00000d30       0xf2 Kommunikationsmodul.o
                0x00000d30                navigation
 .text.main     0x00000e22       0x24 Kommunikationsmodul.o
                0x00000e22                main
 .text.UART1_Init
                0x00000e46       0x18 UART.o
                0x00000e46                UART1_Init
 .text.UART0_Init
                0x00000e5e       0x18 UART.o
                0x00000e5e                UART0_Init
 .text.UART1_Transmit
                0x00000e76       0x10 UART.o
                0x00000e76                UART1_Transmit
 .text.UART0_Transmit
                0x00000e86       0x10 UART.o
                0x00000e86                UART0_Transmit
                0x00000e96                . = ALIGN (0x2)
 *(.fini9)
 .fini9         0x00000e96        0x0 d:/spelprogram/atmel/7.0/toolchain/avr8/avr8-gnu-toolchain/bin/../lib/gcc/avr/5.4.0/avr51\libgcc.a(_exit.o)
                0x00000e96                _exit
                0x00000e96                exit
 *(.fini9)
 *(.fini8)
 *(.fini8)
 *(.fini7)
 *(.fini7)
 *(.fini6)
 *(.fini6)
 *(.fini5)
 *(.fini5)
 *(.fini4)
 *(.fini4)
 *(.fini3)
 *(.fini3)
 *(.fini2)
 *(.fini2)
 *(.fini1)
 *(.fini1)
 *(.fini0)
 .fini0         0x00000e96        0x4 d:/spelprogram/atmel/7.0/toolchain/avr8/avr8-gnu-toolchain/bin/../lib/gcc/avr/5.4.0/avr51\libgcc.a(_exit.o)
 *(.fini0)
                0x00000e9a                _etext = .

.data           0x00800100        0x8 load address 0x00000e9a
                0x00800100                PROVIDE (__data_start, .)
 *(.data)
 *(.data*)
 .data.stop_dist
                0x00800100        0x2 Kommunikationsmodul.o
                0x00800100                stop_dist
 .data.first    0x00800102        0x2 Kommunikationsmodul.o
                0x00800102                first
 .data.drive    0x00800104        0x1 Kommunikationsmodul.o
                0x00800104                drive
 .data.wall     0x00800105        0x1 Kommunikationsmodul.o
                0x00800105                wall
 .data.bot_x    0x00800106        0x1 Kommunikationsmodul.o
                0x00800106                bot_x
 .data.laptop_in
                0x00800107        0x1 Kommunikationsmodul.o
                0x00800107                laptop_in
 *(.gnu.linkonce.d*)
 *(.rodata)
 *(.rodata*)
 *(.gnu.linkonce.r*)
                0x00800108                . = ALIGN (0x2)
                0x00800108                _edata = .
                0x00800108                PROVIDE (__data_end, .)

.bss            0x00800108      0x51e
                0x00800108                PROVIDE (__bss_start, .)
 *(.bss)
 *(.bss*)
 .bss.KokFarFarAway
                0x00800108        0x2 Kommunikationsmodul.o
                0x00800108                KokFarFarAway
 .bss.KokKlart  0x0080010a        0x2 Kommunikationsmodul.o
                0x0080010a                KokKlart
 .bss.KorKok    0x0080010c        0x2 Kommunikationsmodul.o
                0x0080010c                KorKok
 .bss.driven    0x0080010e        0x2 Kommunikationsmodul.o
                0x0080010e                driven
 .bss.start_dist
                0x00800110        0x2 Kommunikationsmodul.o
                0x00800110                start_dist
 .bss.New_sens  0x00800112        0x1 Kommunikationsmodul.o
                0x00800112                New_sens
 .bss.harRot    0x00800113        0x1 Kommunikationsmodul.o
                0x00800113                harRot
 .bss.MANUELL   0x00800114        0x1 Kommunikationsmodul.o
                0x00800114                MANUELL
 .bss.AUTO      0x00800115        0x1 Kommunikationsmodul.o
                0x00800115                AUTO
 .bss.high      0x00800116        0x2 Kommunikationsmodul.o
                0x00800116                high
 .bss.low       0x00800118        0x2 Kommunikationsmodul.o
                0x00800118                low
 .bss.ny_fram   0x0080011a        0x2 Kommunikationsmodul.o
                0x0080011a                ny_fram
 .bss.kokStart_y
                0x0080011c        0x1 Kommunikationsmodul.o
                0x0080011c                kokStart_y
 .bss.kokStart_x
                0x0080011d        0x1 Kommunikationsmodul.o
                0x0080011d                kokStart_x
 .bss.recieve_renewed
                0x0080011e        0x1 Kommunikationsmodul.o
                0x0080011e                recieve_renewed
 .bss.counter2  0x0080011f        0x2 Kommunikationsmodul.o
                0x0080011f                counter2
 .bss.state     0x00800121        0x2 Kommunikationsmodul.o
                0x00800121                state
 .bss.unknown   0x00800123        0x1 Kommunikationsmodul.o
                0x00800123                unknown
 .bss.direction
                0x00800124        0x2 Kommunikationsmodul.o
                0x00800124                direction
 .bss.bot_y     0x00800126        0x1 Kommunikationsmodul.o
                0x00800126                bot_y
 .bss.matrix    0x00800127      0x4e2 Kommunikationsmodul.o
                0x00800127                matrix
 *(COMMON)
 COMMON         0x00800609       0x1d Kommunikationsmodul.o
                0x00800609                sensor_in_length
                0x0080060b                laptop_in_length
                0x0080060d                sensor_in
                0x0080061c                control_signal
                0x0080061e                sens_safe
                0x00800626                PROVIDE (__bss_end, .)
                0x00000e9a                __data_load_start = LOADADDR (.data)
                0x00000ea2                __data_load_end = (__data_load_start + SIZEOF (.data))

.noinit         0x00800626        0x0
                [!provide]                PROVIDE (__noinit_start, .)
 *(.noinit*)
                [!provide]                PROVIDE (__noinit_end, .)
                0x00800626                _end = .
                [!provide]                PROVIDE (__heap_start, .)

.eeprom         0x00810000        0x0
 *(.eeprom*)
                0x00810000                __eeprom_end = .

.fuse
 *(.fuse)
 *(.lfuse)
 *(.hfuse)
 *(.efuse)

.lock
 *(.lock*)

.signature
 *(.signature*)

.user_signatures
 *(.user_signatures*)

.stab
 *(.stab)

.stabstr
 *(.stabstr)

.stab.excl
 *(.stab.excl)

.stab.exclstr
 *(.stab.exclstr)

.stab.index
 *(.stab.index)

.stab.indexstr
 *(.stab.indexstr)

.comment        0x00000000       0x30
 *(.comment)
 .comment       0x00000000       0x30 Kommunikationsmodul.o
                                 0x31 (size before relaxing)
 .comment       0x00000030       0x31 UART.o

.note.gnu.avr.deviceinfo
                0x00000000       0x40
 .note.gnu.avr.deviceinfo
                0x00000000       0x40 D:/SpelProgram/Atmel/7.0/Packs/atmel/ATmega_DFP/1.2.150/gcc/dev/atmega1284p/avr51/crtatmega1284p.o

.note.gnu.build-id
 *(.note.gnu.build-id)

.debug
 *(.debug)

.line
 *(.line)

.debug_srcinfo
 *(.debug_srcinfo)

.debug_sfnames
 *(.debug_sfnames)

.debug_aranges  0x00000000      0x100
 *(.debug_aranges)
 .debug_aranges
                0x00000000       0xb8 Kommunikationsmodul.o
 .debug_aranges
                0x000000b8       0x48 UART.o

.debug_pubnames
 *(.debug_pubnames)

.debug_info     0x00000000     0x1469
 *(.debug_info .gnu.linkonce.wi.*)
 .debug_info    0x00000000      0x792 D:/SpelProgram/Atmel/7.0/Packs/atmel/ATmega_DFP/1.2.150/gcc/dev/atmega1284p/avr51/crtatmega1284p.o
 .debug_info    0x00000792      0xbbe Kommunikationsmodul.o
 .debug_info    0x00001350      0x119 UART.o

.debug_abbrev   0x00000000      0x9f4
 *(.debug_abbrev)
 .debug_abbrev  0x00000000      0x729 D:/SpelProgram/Atmel/7.0/Packs/atmel/ATmega_DFP/1.2.150/gcc/dev/atmega1284p/avr51/crtatmega1284p.o
 .debug_abbrev  0x00000729      0x23b Kommunikationsmodul.o
 .debug_abbrev  0x00000964       0x90 UART.o

.debug_line     0x00000000      0xd5f
 *(.debug_line .debug_line.* .debug_line_end)
 .debug_line    0x00000000      0x169 D:/SpelProgram/Atmel/7.0/Packs/atmel/ATmega_DFP/1.2.150/gcc/dev/atmega1284p/avr51/crtatmega1284p.o
 .debug_line    0x00000169      0xa80 Kommunikationsmodul.o
 .debug_line    0x00000be9      0x176 UART.o

.debug_frame    0x00000000      0x234
 *(.debug_frame)
 .debug_frame   0x00000000      0x1c0 Kommunikationsmodul.o
 .debug_frame   0x000001c0       0x74 UART.o

.debug_str      0x00000000      0x690
 *(.debug_str)
 .debug_str     0x00000000      0x296 D:/SpelProgram/Atmel/7.0/Packs/atmel/ATmega_DFP/1.2.150/gcc/dev/atmega1284p/avr51/crtatmega1284p.o
 .debug_str     0x00000296      0x3d2 Kommunikationsmodul.o
                                0x429 (size before relaxing)
 .debug_str     0x00000668       0x28 UART.o
                                0x1b0 (size before relaxing)

.debug_loc      0x00000000      0x356
 *(.debug_loc)
 .debug_loc     0x00000000      0x356 Kommunikationsmodul.o

.debug_macinfo
 *(.debug_macinfo)

.debug_weaknames
 *(.debug_weaknames)

.debug_funcnames
 *(.debug_funcnames)

.debug_typenames
 *(.debug_typenames)

.debug_varnames
 *(.debug_varnames)

.debug_pubtypes
 *(.debug_pubtypes)

.debug_ranges   0x00000000      0x110
 *(.debug_ranges)
 .debug_ranges  0x00000000       0xd8 Kommunikationsmodul.o
 .debug_ranges  0x000000d8       0x38 UART.o

.debug_macro
 *(.debug_macro)
OUTPUT(kommunikation.elf elf32-avr)
LOAD linker stubs
